******************************************************************************
                  TI ARM Linker PC v20.2.7                     
******************************************************************************
>> Linked Fri Mar 29 16:58:31 2024

OUTPUT FILE NAME:   <MinimalLab7.out>
ENTRY POINT SYMBOL: "_c_int00_noargs"  address: 00001a85


MEMORY CONFIGURATION

         name            origin    length      used     unused   attr    fill
----------------------  --------  ---------  --------  --------  ----  --------
  FLASH                 00000000   00040000  00001f68  0003e098  R  X
  SRAM                  20000000   00008000  00000e70  00007190  RW X


SEGMENT ALLOCATION MAP

run origin  load origin   length   init length attrs members
----------  ----------- ---------- ----------- ----- -------
00000000    00000000    00001f68   00001f68    r-x
  00000000    00000000    0000026c   0000026c    r-- .intvecs
  0000026c    0000026c    00001a04   00001a04    r-x .text
  00001c70    00001c70    000002f8   000002f8    r-- .cinit
20000000    20000000    00000e74   00000000    rw-
  20000000    20000000    000006a4   00000000    rw- .data
  200006a8    200006a8    00000400   00000000    rw- .sysmem
  20000aa8    20000aa8    00000200   00000000    rw- .stack
  20000ca8    20000ca8    000001cc   00000000    rw- .bss


SECTION ALLOCATION MAP

 output                                  attributes/
section   page    origin      length       input sections
--------  ----  ----------  ----------   ----------------
.intvecs   0    00000000    0000026c     
                  00000000    0000026c     tm4c123gh6pm_startup_ccs.obj (.intvecs)

.text      0    0000026c    00001a04     
                  0000026c    00000504     lab_7_library.obj (.text)
                  00000770    0000047c     lab_7.obj (.text)
                  00000bec    00000110     rtsv7M4_T_le_v4SPD16_eabi.lib : fopen.c.obj (.text:_openfile)
                  00000cfc    00000100                                   : memory.c.obj (.text:aligned_alloc)
                  00000dfc    000000f8                                   : fread.c.obj (.text:fread)
                  00000ef4    000000e4                                   : memory.c.obj (.text:free)
                  00000fd8    000000dc                                   : setvbuf.c.obj (.text:setvbuf)
                  000010b4    000000bc                                   : open.c.obj (.text:open)
                  00001170    0000009c                                   : _bufread.c.obj (.text:__TI_buff_read)
                  0000120c    0000009c                                   : fopen.c.obj (.text:fopen)
                  000012a8    0000009c                                   : memcpy_t2.asm.obj (.text)
                  00001344    0000007a                                   : memset_t2.asm.obj (.text)
                  000013be    00000002                                   : _lock.c.obj (.text:_nop)
                  000013c0    00000074                                   : fclose.c.obj (.text:__TI_closefile)
                  00001434    00000070     main.obj (.text)
                  000014a4    00000070     rtsv7M4_T_le_v4SPD16_eabi.lib : memory.c.obj (.text:split)
                  00001514    0000006c                                   : hostrename.c.obj (.text:HOSTrename)
                  00001580    00000068                                   : hostlseek.c.obj (.text:HOSTlseek)
                  000015e8    00000068                                   : copy_decompress_lzss.c.obj (.text:decompress:lzss:__TI_decompress_lzss)
                  00001650    00000060                                   : hostopen.c.obj (.text:HOSTopen)
                  000016b0    0000005c                                   : close.c.obj (.text:close)
                  0000170c    00000058                                   : hostread.c.obj (.text:HOSTread)
                  00001764    00000058                                   : hostwrite.c.obj (.text:HOSTwrite)
                  000017bc    0000004c                                   : fflush.c.obj (.text:__TI_doflush)
                  00001808    0000004a                                   : _io_perm.c.obj (.text:__TI_rd_ok)
                  00001852    00000002     --HOLE-- [fill = 0]
                  00001854    00000048                                   : exit.c.obj (.text:exit)
                  0000189c    00000044                                   : hostclose.c.obj (.text:HOSTclose)
                  000018e0    00000044                                   : hostunlink.c.obj (.text:HOSTunlink)
                  00001924    00000044                                   : autoinit.c.obj (.text:__TI_auto_init_nobinit_nopinit:__TI_auto_init_nobinit_nopinit)
                  00001968    00000044                                   : getdevice.c.obj (.text:getdevice)
                  000019ac    00000038                                   : trgmsg.c.obj (.text:__TI_writemsg)
                  000019e4    00000036                                   : strncpy.c.obj (.text:strncpy)
                  00001a1a    00000002     --HOLE-- [fill = 0]
                  00001a1c    00000034                                   : fopen.c.obj (.text:__TI_cleanup)
                  00001a50    00000034                                   : trgmsg.c.obj (.text:__TI_readmsg)
                  00001a84    00000034                                   : boot_cortex_m.c.obj (.text:_c_int00_noargs:_c_int00_noargs)
                  00001ab8    00000030                                   : getdevice.c.obj (.text:finddevice)
                  00001ae8    0000002c                                   : fclose.c.obj (.text:fclose)
                  00001b14    0000002c                                   : unlink.c.obj (.text:unlink)
                  00001b40    00000028                                   : memory.c.obj (.text:free_list_insert)
                  00001b68    00000028                                   : read.c.obj (.text:read)
                  00001b90    00000028                                   : write.c.obj (.text:write)
                  00001bb8    0000001c                                   : copy_zero_init.c.obj (.text:decompress:ZI:__TI_zero_init_nomemset:__TI_zero_init_nomemset)
                  00001bd4    0000001c                                   : memory.c.obj (.text:free_list_remove)
                  00001bf0    00000018                                   : strcmp.c.obj (.text:strcmp)
                  00001c08    00000016                                   : strchr.c.obj (.text:strchr)
                  00001c1e    00000014                                   : strcpy.c.obj (.text:strcpy)
                  00001c32    00000014                                   : strlen.c.obj (.text:strlen)
                  00001c46    0000000e                                   : copy_decompress_none.c.obj (.text:decompress:none:__TI_decompress_none)
                  00001c54    0000000c     tm4c123gh6pm_startup_ccs.obj (.text)
                  00001c60    00000008     rtsv7M4_T_le_v4SPD16_eabi.lib : memory.c.obj (.text:malloc)
                  00001c68    00000004                                   : pre_init.c.obj (.text:_system_pre_init)
                  00001c6c    00000004                                   : exit.c.obj (.text:abort:abort)

.cinit     0    00001c70    000002f8     
                  00001c70    000002d1     (.cinit..data.load) [load image, compression = lzss]
                  00001f41    00000003     --HOLE-- [fill = 0]
                  00001f44    0000000c     (__TI_handler_table)
                  00001f50    00000008     (.cinit..bss.load) [load image, compression = zero_init]
                  00001f58    00000010     (__TI_cinit_table)

.init_array 
*          0    00000000    00000000     UNINITIALIZED

.data      0    20000000    000006a4     UNINITIALIZED
                  20000000    000004b7     lab_7.obj (.data)
                  200004b7    00000001     --HOLE--
                  200004b8    000000f0     rtsv7M4_T_le_v4SPD16_eabi.lib : defs.c.obj (.data:_ftable)
                  200005a8    00000078                                   : host_device.c.obj (.data:_device)
                  20000620    00000050                                   : host_device.c.obj (.data:_stream)
                  20000670    00000010                                   : defs.c.obj (.data)
                  20000680    0000000c                                   : exit.c.obj (.data:$O1$$)
                  2000068c    00000008                                   : _lock.c.obj (.data:$O1$$)
                  20000694    00000008                                   : memory.c.obj (.data:$O1$$)
                  2000069c    00000004                                   : fopen.c.obj (.data)
                  200006a0    00000004                                   : open.c.obj (.data)

.sysmem    0    200006a8    00000400     UNINITIALIZED
                  200006a8    00000010     rtsv7M4_T_le_v4SPD16_eabi.lib : memory.c.obj (.sysmem)
                  200006b8    000003f0     --HOLE--

.stack     0    20000aa8    00000200     UNINITIALIZED
                  20000aa8    00000004     rtsv7M4_T_le_v4SPD16_eabi.lib : boot_cortex_m.c.obj (.stack)
                  20000aac    000001fc     --HOLE--

.bss       0    20000ca8    000001cc     UNINITIALIZED
                  20000ca8    00000120     rtsv7M4_T_le_v4SPD16_eabi.lib : trgmsg.c.obj (.bss:_CIOBUF_)
                  20000dc8    000000a0     (.common:__TI_tmpnams)
                  20000e68    00000008     (.common:parmbuf)
                  20000e70    00000004     (.common:beatmap)

__llvm_prf_cnts 
*          0    20000000    00000000     UNINITIALIZED

MODULE SUMMARY

       Module                         code   ro data   rw data
       ------                         ----   -------   -------
    .\
       lab_7.obj                      1148   0         1207   
       lab_7_library.obj              1284   0         0      
       tm4c123gh6pm_startup_ccs.obj   12     620       0      
       main.obj                       112    0         4      
    +--+------------------------------+------+---------+---------+
       Total:                         2556   620       1211   
                                                              
    C:\ti\ccs1220\ccs\tools\compiler\ti-cgt-arm_20.2.7.LTS\lib\rtsv7M4_T_le_v4SPD16_eabi.lib
       memory.c.obj                   672    0         8      
       fopen.c.obj                    480    0         4      
       defs.c.obj                     0      0         416    
       trgmsg.c.obj                   108    0         288    
       fread.c.obj                    248    0         0      
       setvbuf.c.obj                  220    0         0      
       host_device.c.obj              0      0         200    
       open.c.obj                     188    0         4      
       fclose.c.obj                   160    0         0      
       _bufread.c.obj                 156    0         0      
       memcpy_t2.asm.obj              156    0         0      
       memset_t2.asm.obj              122    0         0      
       getdevice.c.obj                116    0         0      
       hostrename.c.obj               108    0         0      
       copy_decompress_lzss.c.obj     104    0         0      
       hostlseek.c.obj                104    0         0      
       hostopen.c.obj                 96     0         8      
       close.c.obj                    92     0         0      
       exit.c.obj                     76     0         12     
       hostread.c.obj                 88     0         0      
       hostwrite.c.obj                88     0         0      
       fflush.c.obj                   76     0         0      
       _io_perm.c.obj                 74     0         0      
       autoinit.c.obj                 68     0         0      
       hostclose.c.obj                68     0         0      
       hostunlink.c.obj               68     0         0      
       strncpy.c.obj                  54     0         0      
       boot_cortex_m.c.obj            52     0         0      
       unlink.c.obj                   44     0         0      
       read.c.obj                     40     0         0      
       write.c.obj                    40     0         0      
       copy_zero_init.c.obj           28     0         0      
       strcmp.c.obj                   24     0         0      
       strchr.c.obj                   22     0         0      
       strcpy.c.obj                   20     0         0      
       strlen.c.obj                   20     0         0      
       copy_decompress_none.c.obj     14     0         0      
       _lock.c.obj                    2      0         8      
       pre_init.c.obj                 4      0         0      
    +--+------------------------------+------+---------+---------+
       Total:                         4100   0         948    
                                                              
       Heap:                          0      0         1024   
       Stack:                         0      0         512    
       Linker Generated:              0      757       0      
    +--+------------------------------+------+---------+---------+
       Grand Total:                   6656   1377      3695   


LINKER GENERATED COPY TABLES

__TI_cinit_table @ 00001f58 records: 2, size/record: 8, table size: 16
	.data: load addr=00001c70, load size=000002d1 bytes, run addr=20000000, run size=000006a4 bytes, compression=lzss
	.bss: load addr=00001f50, load size=00000008 bytes, run addr=20000ca8, run size=000001cc bytes, compression=zero_init


LINKER GENERATED HANDLER TABLE

__TI_handler_table @ 00001f44 records: 3, size/record: 4, table size: 12
	index: 0, handler: __TI_decompress_lzss
	index: 1, handler: __TI_decompress_none
	index: 2, handler: __TI_zero_init


GLOBAL SYMBOLS: SORTED ALPHABETICALLY BY Name 

address   name                           
-------   ----                           
00001c6d  C$$EXIT                        
000019db  C$$IO$$                        
0000189d  HOSTclose                      
00001581  HOSTlseek                      
00001651  HOSTopen                       
0000170d  HOSTread                       
00001515  HOSTrename                     
000018e1  HOSTunlink                     
00001765  HOSTwrite                      
00001c55  ResetISR                       
000003c5  Switch_Handler                 
000003dd  Timer_Handler                  
000003a9  UART0_Handler                  
20000ca8  __CIOBUF_                      
20000ca8  __STACK_END                    
00000200  __STACK_SIZE                   
20000ca8  __STACK_TOP                    
00000400  __SYSMEM_SIZE                  
00001f58  __TI_CINIT_Base                
00001f68  __TI_CINIT_Limit               
00001f44  __TI_Handler_Table_Base        
00001f50  __TI_Handler_Table_Limit       
00001925  __TI_auto_init_nobinit_nopinit 
00001171  __TI_buff_read                 
00001a1d  __TI_cleanup                   
20000680  __TI_cleanup_ptr               
000013c1  __TI_closefile                 
000015e9  __TI_decompress_lzss           
00001c47  __TI_decompress_none           
000017bd  __TI_doflush                   
20000684  __TI_dtors_ptr                 
20000688  __TI_enable_exit_profile_output
20000670  __TI_ft_end                    
ffffffff  __TI_pprof_out_hndl            
ffffffff  __TI_prof_data_size            
ffffffff  __TI_prof_data_start           
00001809  __TI_rd_ok                     
00001a51  __TI_readmsg                   
00000000  __TI_static_base__             
20000dc8  __TI_tmpnams                   
000019ad  __TI_writemsg                  
00001bb9  __TI_zero_init_nomemset        
00001345  __aeabi_memclr                 
00001345  __aeabi_memclr4                
00001345  __aeabi_memclr8                
000012a9  __aeabi_memcpy                 
000012a9  __aeabi_memcpy4                
000012a9  __aeabi_memcpy8                
00001347  __aeabi_memset                 
00001347  __aeabi_memset4                
00001347  __aeabi_memset8                
2000067c  __aeabi_stderr                 
20000674  __aeabi_stdin                  
20000678  __aeabi_stdout                 
ffffffff  __binit__                      
ffffffff  __c_args__                     
UNDEFED   __mpu_init                     
20000aa8  __stack                        
20000000  __start___llvm_prf_cnts        
20000000  __stop___llvm_prf_cnts         
00001a85  _c_int00_noargs                
200005a8  _device                        
200004b8  _ftable                        
2000068c  _lock                          
000013bf  _nop                           
20000620  _stream                        
200006a8  _sys_memory                    
UNDEFED   _system_post_cinit             
00001c69  _system_pre_init               
20000690  _unlock                        
00001c6d  abort                          
00000cfd  aligned_alloc                  
20000e70  beatmap                        
ffffffff  binit                          
00000757  character_to_value             
000016b1  close                          
200003de  confirm                        
2000040b  down_arrow                     
00001855  exit                           
00001ae9  fclose                         
00001ab9  finddevice                     
0000120d  fopen                          
00000dfd  fread                          
00000ef5  free                           
00000000  g_pfnVectors                   
00001969  getdevice                      
000003f3  gpio_btn_and_LED_init          
000002b1  gpio_interrupt_init            
000006e1  illuminate_LEDs                
0000066b  illuminate_RGB_LED             
20000014  initial_border                 
00000571  int2string                     
0000080d  lab_7                          
200003ed  left_arrow                     
20000006  loc                            
00001435  main                           
00001c61  malloc                         
00000cfd  memalign                       
000012a9  memcpy                         
0000134d  memset                         
20000141  menu1                          
20000188  menu2                          
20000206  menu3                          
200000c6  menu4                          
200004b3  offend1                        
200004b4  offend2                        
200004b5  offend3                        
200004b6  offend4                        
200004af  offset1                        
200004b0  offset2                        
200004b1  offset3                        
200004b2  offset4                        
000010b5  open                           
000005e3  output_character               
000005c1  output_string                  
20000e68  parmbuf                        
2000044b  place1                         
20000464  place2                         
2000047d  place3                         
20000496  place4                         
00001b69  read                           
0000061f  read_alice_btns                
000006fd  read_character                 
00000607  read_from_push_btns            
20000089  redraw_border                  
00001b15  remove                         
200003f8  right_arrow                    
20000413  row1                           
20000421  row2                           
2000042f  row3                           
2000043d  row4                           
00000fd9  setvbuf                        
00000721  simple_int_to_string           
0000055f  simple_read_character          
200002de  song1                          
200002f7  song1diff                      
20000315  song2                          
2000032b  song2diff                      
20000349  song3                          
20000358  song3diff                      
20000376  song4                          
20000389  song4diff                      
200003a7  song5                          
200003b6  song5diff                      
20000235  song_prompt                    
00001c09  strchr                         
00001bf1  strcmp                         
00001c1f  strcpy                         
00001c33  strlen                         
000019e5  strncpy                        
00000319  timer_init                     
0000048b  uart_init                      
00000279  uart_interrupt_init            
00001b15  unlink                         
20000403  up_arrow                       
00001b91  write                          


GLOBAL SYMBOLS: SORTED BY Symbol Address 

address   name                           
-------   ----                           
00000000  __TI_static_base__             
00000000  g_pfnVectors                   
00000200  __STACK_SIZE                   
00000279  uart_interrupt_init            
000002b1  gpio_interrupt_init            
00000319  timer_init                     
000003a9  UART0_Handler                  
000003c5  Switch_Handler                 
000003dd  Timer_Handler                  
000003f3  gpio_btn_and_LED_init          
00000400  __SYSMEM_SIZE                  
0000048b  uart_init                      
0000055f  simple_read_character          
00000571  int2string                     
000005c1  output_string                  
000005e3  output_character               
00000607  read_from_push_btns            
0000061f  read_alice_btns                
0000066b  illuminate_RGB_LED             
000006e1  illuminate_LEDs                
000006fd  read_character                 
00000721  simple_int_to_string           
00000757  character_to_value             
0000080d  lab_7                          
00000cfd  aligned_alloc                  
00000cfd  memalign                       
00000dfd  fread                          
00000ef5  free                           
00000fd9  setvbuf                        
000010b5  open                           
00001171  __TI_buff_read                 
0000120d  fopen                          
000012a9  __aeabi_memcpy                 
000012a9  __aeabi_memcpy4                
000012a9  __aeabi_memcpy8                
000012a9  memcpy                         
00001345  __aeabi_memclr                 
00001345  __aeabi_memclr4                
00001345  __aeabi_memclr8                
00001347  __aeabi_memset                 
00001347  __aeabi_memset4                
00001347  __aeabi_memset8                
0000134d  memset                         
000013bf  _nop                           
000013c1  __TI_closefile                 
00001435  main                           
00001515  HOSTrename                     
00001581  HOSTlseek                      
000015e9  __TI_decompress_lzss           
00001651  HOSTopen                       
000016b1  close                          
0000170d  HOSTread                       
00001765  HOSTwrite                      
000017bd  __TI_doflush                   
00001809  __TI_rd_ok                     
00001855  exit                           
0000189d  HOSTclose                      
000018e1  HOSTunlink                     
00001925  __TI_auto_init_nobinit_nopinit 
00001969  getdevice                      
000019ad  __TI_writemsg                  
000019db  C$$IO$$                        
000019e5  strncpy                        
00001a1d  __TI_cleanup                   
00001a51  __TI_readmsg                   
00001a85  _c_int00_noargs                
00001ab9  finddevice                     
00001ae9  fclose                         
00001b15  remove                         
00001b15  unlink                         
00001b69  read                           
00001b91  write                          
00001bb9  __TI_zero_init_nomemset        
00001bf1  strcmp                         
00001c09  strchr                         
00001c1f  strcpy                         
00001c33  strlen                         
00001c47  __TI_decompress_none           
00001c55  ResetISR                       
00001c61  malloc                         
00001c69  _system_pre_init               
00001c6d  C$$EXIT                        
00001c6d  abort                          
00001f44  __TI_Handler_Table_Base        
00001f50  __TI_Handler_Table_Limit       
00001f58  __TI_CINIT_Base                
00001f68  __TI_CINIT_Limit               
20000000  __start___llvm_prf_cnts        
20000000  __stop___llvm_prf_cnts         
20000006  loc                            
20000014  initial_border                 
20000089  redraw_border                  
200000c6  menu4                          
20000141  menu1                          
20000188  menu2                          
20000206  menu3                          
20000235  song_prompt                    
200002de  song1                          
200002f7  song1diff                      
20000315  song2                          
2000032b  song2diff                      
20000349  song3                          
20000358  song3diff                      
20000376  song4                          
20000389  song4diff                      
200003a7  song5                          
200003b6  song5diff                      
200003de  confirm                        
200003ed  left_arrow                     
200003f8  right_arrow                    
20000403  up_arrow                       
2000040b  down_arrow                     
20000413  row1                           
20000421  row2                           
2000042f  row3                           
2000043d  row4                           
2000044b  place1                         
20000464  place2                         
2000047d  place3                         
20000496  place4                         
200004af  offset1                        
200004b0  offset2                        
200004b1  offset3                        
200004b2  offset4                        
200004b3  offend1                        
200004b4  offend2                        
200004b5  offend3                        
200004b6  offend4                        
200004b8  _ftable                        
200005a8  _device                        
20000620  _stream                        
20000670  __TI_ft_end                    
20000674  __aeabi_stdin                  
20000678  __aeabi_stdout                 
2000067c  __aeabi_stderr                 
20000680  __TI_cleanup_ptr               
20000684  __TI_dtors_ptr                 
20000688  __TI_enable_exit_profile_output
2000068c  _lock                          
20000690  _unlock                        
200006a8  _sys_memory                    
20000aa8  __stack                        
20000ca8  __CIOBUF_                      
20000ca8  __STACK_END                    
20000ca8  __STACK_TOP                    
20000dc8  __TI_tmpnams                   
20000e68  parmbuf                        
20000e70  beatmap                        
ffffffff  __TI_pprof_out_hndl            
ffffffff  __TI_prof_data_size            
ffffffff  __TI_prof_data_start           
ffffffff  __binit__                      
ffffffff  __c_args__                     
ffffffff  binit                          
UNDEFED   __mpu_init                     
UNDEFED   _system_post_cinit             

[156 symbols]
